------------------------------------------------------------
Timing Analyzer Summary
------------------------------------------------------------

Type  : Slow 1100mV 85C Model Setup 'clk'
Slack : -81.642
TNS   : -711803.037

Type  : Slow 1100mV 85C Model Hold 'clk'
Slack : 0.460
TNS   : 0.000

Type  : Slow 1100mV 85C Model Minimum Pulse Width 'clk'
Slack : 9.274
TNS   : 0.000

Type  : Slow 1100mV 0C Model Setup 'clk'
Slack : -84.977
TNS   : -683110.141

Type  : Slow 1100mV 0C Model Hold 'clk'
Slack : 0.488
TNS   : 0.000

Type  : Slow 1100mV 0C Model Minimum Pulse Width 'clk'
Slack : 9.172
TNS   : 0.000

Type  : Fast 1100mV 85C Model Setup 'clk'
Slack : -29.484
TNS   : -109658.353

Type  : Fast 1100mV 85C Model Hold 'clk'
Slack : 0.183
TNS   : 0.000

Type  : Fast 1100mV 85C Model Minimum Pulse Width 'clk'
Slack : 9.438
TNS   : 0.000

Type  : Fast 1100mV 0C Model Setup 'clk'
Slack : -26.648
TNS   : -35059.132

Type  : Fast 1100mV 0C Model Hold 'clk'
Slack : 0.173
TNS   : 0.000

Type  : Fast 1100mV 0C Model Minimum Pulse Width 'clk'
Slack : 9.434
TNS   : 0.000

------------------------------------------------------------
