------------------------------------------------------------
Timing Analyzer Summary
------------------------------------------------------------

Type  : Slow 1100mV 85C Model Setup 'clk'
Slack : -79.937
TNS   : -622000.311

Type  : Slow 1100mV 85C Model Hold 'clk'
Slack : 0.462
TNS   : 0.000

Type  : Slow 1100mV 85C Model Minimum Pulse Width 'clk'
Slack : 9.277
TNS   : 0.000

Type  : Slow 1100mV 0C Model Setup 'clk'
Slack : -83.204
TNS   : -594488.404

Type  : Slow 1100mV 0C Model Hold 'clk'
Slack : 0.490
TNS   : 0.000

Type  : Slow 1100mV 0C Model Minimum Pulse Width 'clk'
Slack : 9.172
TNS   : 0.000

Type  : Fast 1100mV 85C Model Setup 'clk'
Slack : -28.852
TNS   : -62453.597

Type  : Fast 1100mV 85C Model Hold 'clk'
Slack : 0.182
TNS   : 0.000

Type  : Fast 1100mV 85C Model Minimum Pulse Width 'clk'
Slack : 9.437
TNS   : 0.000

Type  : Fast 1100mV 0C Model Setup 'clk'
Slack : -25.868
TNS   : -26694.381

Type  : Fast 1100mV 0C Model Hold 'clk'
Slack : 0.172
TNS   : 0.000

Type  : Fast 1100mV 0C Model Minimum Pulse Width 'clk'
Slack : 9.434
TNS   : 0.000

------------------------------------------------------------
