------------------------------------------------------------
Timing Analyzer Summary
------------------------------------------------------------

Type  : Slow 1100mV 85C Model Setup 'clk'
Slack : -7.228
TNS   : -58770.996

Type  : Slow 1100mV 85C Model Hold 'clk'
Slack : 0.460
TNS   : 0.000

Type  : Slow 1100mV 85C Model Minimum Pulse Width 'clk'
Slack : 9.278
TNS   : 0.000

Type  : Slow 1100mV 0C Model Setup 'clk'
Slack : -6.617
TNS   : -39181.305

Type  : Slow 1100mV 0C Model Hold 'clk'
Slack : 0.488
TNS   : 0.000

Type  : Slow 1100mV 0C Model Minimum Pulse Width 'clk'
Slack : 9.173
TNS   : 0.000

Type  : Fast 1100mV 85C Model Setup 'clk'
Slack : 4.762
TNS   : 0.000

Type  : Fast 1100mV 85C Model Hold 'clk'
Slack : 0.182
TNS   : 0.000

Type  : Fast 1100mV 85C Model Minimum Pulse Width 'clk'
Slack : 9.439
TNS   : 0.000

Type  : Fast 1100mV 0C Model Setup 'clk'
Slack : 6.526
TNS   : 0.000

Type  : Fast 1100mV 0C Model Hold 'clk'
Slack : 0.171
TNS   : 0.000

Type  : Fast 1100mV 0C Model Minimum Pulse Width 'clk'
Slack : 9.436
TNS   : 0.000

------------------------------------------------------------
